
> data-grid-app@0.0.0 build
> tsc -b && vite build

src/components/PipelineExplanationPanel.tsx(1,1): error TS6133: 'React' is declared but its value is never read.
src/components/SQLPreviewModal.tsx(1,8): error TS6133: 'React' is declared but its value is never read.
src/store/useStore.ts(2100,54): error TS6133: 'columnGraph' is declared but its value is never read.
src/store/useStore.ts(2398,54): error TS6133: 'rebuildPipelineQuery' is declared but its value is never read.
