src/components/PipelinePanel.tsx(1,1): error TS6133: 'React' is declared but its value is never read.
src/components/SettingsModal.tsx(1,8): error TS6133: 'React' is declared but its value is never read.
src/components/TableView.tsx(172,31): error TS6133: 'setShowPipelinePanel' is declared but its value is never read.
src/store/useCanvasStore.ts(191,30): error TS2339: Property 'setFiles' does not exist on type 'StoreState'.
src/store/useCanvasStore.ts(200,52): error TS2345: Argument of type 'string | undefined' is not assignable to parameter of type 'string | null'.
  Type 'undefined' is not assignable to type 'string | null'.
